PDF 45개, 정답 45개, 정규화=basic, 엔진=tesseract, easyocr

=== tesseract (device=cpu) - 문서 45개 ===
  모델 로딩 0.3s
  [1/45] ch__1767528250552_B264D298D87D4A329BAAEE4DE23DFB2D 3쪽 인식 중...
  [1/45] ch__1767528250552_B264D298D87D4A329BAAEE4DE23DFB2D  chi_sim+eng 6.0s  EM=0 CER=0.2468 WER=1.4533
  [2/45] ch__四川省川谷坊酒业有限公司、曾庆芬非法吸收公众存款罪一审刑事判决书 6쪽 인식 중...
  [2/45] ch__四川省川谷坊酒业有限公司、曾庆芬非法吸收公众存款罪一审刑事判决书  chi_sim+eng 20.9s  EM=0 CER=0.4217 WER=2.0424
  [3/45] ch__（2025）빴0115覲놓1254뵀(覲慤털엄蝎) 2쪽 인식 중...
  [3/45] ch__（2025）빴0115覲놓1254뵀(覲慤털엄蝎)  chi_sim+eng 1.3s  EM=0 CER=0.9399 WER=1.1351
  [4/45] ch__（2025）빴0120覲놓15뵀(覲慤털엄蝎) 2쪽 인식 중...
  [4/45] ch__（2025）빴0120覲놓15뵀(覲慤털엄蝎)  chi_sim+eng 1.1s  EM=0 CER=0.9530 WER=1.0000
  [5/45] ch__（2025）빴0120覲놓390뵀(覲慤털엄蝎) 2쪽 인식 중...
  [5/45] ch__（2025）빴0120覲놓390뵀(覲慤털엄蝎)  chi_sim+eng 1.3s  EM=0 CER=0.9529 WER=1.0169
  [6/45] en__24-7435_5if6 3쪽 인식 중...
  [6/45] en__24-7435_5if6  eng 4.2s  EM=0 CER=0.0027 WER=0.0257
  [7/45] en__249799 2쪽 인식 중...
  [7/45] en__249799  eng 2.4s  EM=0 CER=0.2286 WER=0.2627
  [8/45] en__25-524_0971 3쪽 인식 중...
  [8/45] en__25-524_0971  eng 4.4s  EM=0 CER=0.0050 WER=0.0381
  [9/45] en__25-821_e29g 1쪽 인식 중...
  [9/45] en__25-821_e29g  eng 1.2s  EM=0 CER=0.0020 WER=0.0210
  [10/45] en__25-851_ed9f 1쪽 인식 중...
  [10/45] en__25-851_ed9f  eng 1.2s  EM=0 CER=0.0013 WER=0.0161
  [11/45] en__25-885_5h26 3쪽 인식 중...
  [11/45] en__25-885_5h26  eng 5.7s  EM=0 CER=0.0034 WER=0.0213
  [12/45] en__USCOURTS-caed-6_25-mj-00015-1 3쪽 인식 중...
  [12/45] en__USCOURTS-caed-6_25-mj-00015-1  eng 4.6s  EM=0 CER=0.0873 WER=0.1943
  [13/45] en__USCOURTS-mnd-0_06-cr-00130-1 3쪽 인식 중...
  [13/45] en__USCOURTS-mnd-0_06-cr-00130-1  eng 3.6s  EM=0 CER=0.0015 WER=0.0076
  [14/45] en__gomez_albertocortes 2쪽 인식 중...
  [14/45] en__gomez_albertocortes  eng 2.1s  EM=0 CER=0.0387 WER=0.0977
  [15/45] en__vae1_tetteh_0 2쪽 인식 중...
  [15/45] en__vae1_tetteh_0  eng 3.1s  EM=0 CER=0.0391 WER=0.1101
  [16/45] ko__140801_서부지검_보도자료 5쪽 인식 중...
  [16/45] ko__140801_서부지검_보도자료  kor+eng 9.3s  EM=0 CER=0.4219 WER=0.6482
  [17/45] ko__2015고단7004_판결문 6쪽 인식 중...
  [17/45] ko__2015고단7004_판결문  kor+eng 10.9s  EM=0 CER=0.3542 WER=0.4655
  [18/45] ko__2015노4675_판결문 2쪽 인식 중...
  [18/45] ko__2015노4675_판결문  kor+eng 10.9s  EM=0 CER=0.3655 WER=0.4119
  [19/45] ko__2023고단2541_판결문_검수완료 6쪽 인식 중...
  [19/45] ko__2023고단2541_판결문_검수완료  kor+eng 12.4s  EM=0 CER=0.1485 WER=0.2372
  [20/45] ko__2025고정378_판결문 2쪽 인식 중...
  [20/45] ko__2025고정378_판결문  kor+eng 2.3s  EM=0 CER=0.0996 WER=0.1809
  [21/45] ko__2025고합394_판결문 8쪽 인식 중...
  [21/45] ko__2025고합394_판결문  kor+eng 18.2s  EM=0 CER=0.1788 WER=0.2664
  [22/45] ko__231201_보도자료(360억_원_대출을_알선하고_억대_수수료를_취득한_대출_브로커_및_은행지점장_구속_기소)-통영지청 4쪽 인식 중...
  [22/45] ko__231201_보도자료(360억_원_대출을_알선하고_억대_수수료를_취득한_대출_브로커_및_은행지점장_구속_기소)-통영지청  kor+eng 5.9s  EM=0 CER=0.5839 WER=0.7062
  [23/45] ko__250723_보도자료(유튜브_36주_태아_낙태살인_사건_구속_기소_등)-서울중앙지검 4쪽 인식 중...
  [23/45] ko__250723_보도자료(유튜브_36주_태아_낙태살인_사건_구속_기소_등)-서울중앙지검  kor+eng 8.0s  EM=0 CER=0.4577 WER=0.6191
  [24/45] ko__251223_보도자료(세계_1위_K반도체_국가핵심기술_유출사건_수사_결과)-서울중앙지검 8쪽 인식 중...
  [24/45] ko__251223_보도자료(세계_1위_K반도체_국가핵심기술_유출사건_수사_결과)-서울중앙지검  kor+eng 19.0s  EM=0 CER=0.3720 WER=0.5115
  [25/45] ko__260120__보도자료(6776억_원_규모_한국전력공사_입찰_담합_사건_수사_결과)-서울중앙지검 7쪽 인식 중...
  [25/45] ko__260120__보도자료(6776억_원_규모_한국전력공사_입찰_담합_사건_수사_결과)-서울중앙지검  kor+eng 12.6s  EM=0 CER=0.5267 WER=0.6379
  [26/45] pil__AvoidImmigrationScamsGetHelp_Tagalog-508 5쪽 인식 중...
  [26/45] pil__AvoidImmigrationScamsGetHelp_Tagalog-508  tgl+eng 7.6s  EM=0 CER=0.0151 WER=0.0290
  [27/45] pil__Government Imposter Scams poster_TL 1쪽 인식 중...
  [27/45] pil__Government Imposter Scams poster_TL  tgl+eng 1.0s  EM=0 CER=0.2375 WER=0.3725
  [28/45] pil__How-to-avoid-a-scam_Tagalog_August2023 2쪽 인식 중...
  [28/45] pil__How-to-avoid-a-scam_Tagalog_August2023  tgl+eng 3.4s  EM=0 CER=0.0642 WER=0.0913
  [29/45] pil__empower-yourself-against-utility-scams_tl-508ftclogo 1쪽 인식 중...
  [29/45] pil__empower-yourself-against-utility-scams_tl-508ftclogo  tgl+eng 1.9s  EM=0 CER=0.0147 WER=0.0293
  [30/45] pil__scammers-intl-students-money_tl-508ftclogo 1쪽 인식 중...
  [30/45] pil__scammers-intl-students-money_tl-508ftclogo  tgl+eng 1.9s  EM=0 CER=0.0104 WER=0.0098
  [31/45] ru__72lj3fbo7i1h83uotfpw88vvhj0s5nm8 3쪽 인식 중...
  [31/45] ru__72lj3fbo7i1h83uotfpw88vvhj0s5nm8  rus+eng 4.8s  EM=0 CER=0.4036 WER=0.3977
  [32/45] ru__acqyks51995vcas54buq9j8zjfcv52mq 4쪽 인식 중...
  [32/45] ru__acqyks51995vcas54buq9j8zjfcv52mq  rus+eng 5.3s  EM=0 CER=0.0113 WER=0.0522
  [33/45] ru__c0bt6babub0mr9twu45skop5uqhh5ogk 1쪽 인식 중...
  [33/45] ru__c0bt6babub0mr9twu45skop5uqhh5ogk  rus+eng 2.6s  EM=0 CER=0.5873 WER=0.6486
  [34/45] ru__dvbffhvesi7atsug569xnrlpbgerzwcj 1쪽 인식 중...
  [34/45] ru__dvbffhvesi7atsug569xnrlpbgerzwcj  rus+eng 1.9s  EM=0 CER=0.0029 WER=0.0132
  [35/45] ru__voe12ehxmqpqsa3z1f3moe6e3fhfy14n 2쪽 인식 중...
  [35/45] ru__voe12ehxmqpqsa3z1f3moe6e3fhfy14n  rus+eng 4.1s  EM=0 CER=0.6989 WER=0.8434
  [36/45] uz__964-966 3쪽 인식 중...
  [36/45] uz__964-966  uzb+eng 14.6s  EM=0 CER=0.0401 WER=0.1212
  [37/45] uz__Abdug‘aniyev+Akobir+Akmaljon+o‘g‘li 6쪽 인식 중...
  [37/45] uz__Abdug‘aniyev+Akobir+Akmaljon+o‘g‘li  uzb+eng 27.8s  EM=0 CER=0.0069 WER=0.0410
  [38/45] uz__Nasimov+Umedjon+Ulugbekovich 5쪽 인식 중...
  [38/45] uz__Nasimov+Umedjon+Ulugbekovich  uzb+eng 18.3s  EM=0 CER=0.0150 WER=0.0996
  [39/45] uz__ZDIF+0701 2쪽 인식 중...
  [39/45] uz__ZDIF+0701  uzb+eng 9.0s  EM=0 CER=0.0535 WER=0.0954
  [40/45] uz__ZDIF+0738 3쪽 인식 중...
  [40/45] uz__ZDIF+0738  uzb+eng 11.6s  EM=0 CER=0.0594 WER=0.1307
  [41/45] vn__04_2023_HSST_BRVT 5쪽 인식 중...
  [41/45] vn__04_2023_HSST_BRVT  vie+eng 10.7s  EM=0 CER=0.0202 WER=0.0807
  [42/45] vn__06_2023_HS-ST_HCM 5쪽 인식 중...
  [42/45] vn__06_2023_HS-ST_HCM  vie+eng 12.8s  EM=0 CER=0.0128 WER=0.0479
  [43/45] vn__132_2020_HS-ST_HCM 6쪽 인식 중...
  [43/45] vn__132_2020_HS-ST_HCM  vie+eng 14.3s  EM=0 CER=0.0206 WER=0.0748
  [44/45] vn__171_2018_HS-ST_HUE 5쪽 인식 중...
  [44/45] vn__171_2018_HS-ST_HUE  vie+eng 9.2s  EM=0 CER=0.0210 WER=0.0639
  [45/45] vn__29_2018_HS-ST_THAI_NGUYEN[1] 6쪽 인식 중...
  [45/45] vn__29_2018_HS-ST_THAI_NGUYEN[1]  vie+eng 11.5s  EM=0 CER=0.0242 WER=0.0673

=== easyocr (device=gpu:0) - 문서 45개 ===
  모델 로딩 3.8s
  [1/45] ch__1767528250552_B264D298D87D4A329BAAEE4DE23DFB2D 3쪽 인식 중...
  [1/45] ch__1767528250552_B264D298D87D4A329BAAEE4DE23DFB2D  ch_sim+en 7.2s  EM=0 CER=0.0730 WER=0.9067
  [2/45] ch__四川省川谷坊酒业有限公司、曾庆芬非法吸收公众存款罪一审刑事判决书 6쪽 인식 중...
  [2/45] ch__四川省川谷坊酒业有限公司、曾庆芬非法吸收公众存款罪一审刑事判决书  ch_sim+en 14.6s  EM=0 CER=0.0661 WER=0.9703
  [3/45] ch__（2025）빴0115覲놓1254뵀(覲慤털엄蝎) 2쪽 인식 중...
  [3/45] ch__（2025）빴0115覲놓1254뵀(覲慤털엄蝎)  ch_sim+en 1.1s  EM=0 CER=0.9407 WER=1.0541
  [4/45] ch__（2025）빴0120覲놓15뵀(覲慤털엄蝎) 2쪽 인식 중...
  [4/45] ch__（2025）빴0120覲놓15뵀(覲慤털엄蝎)  ch_sim+en 1.0s  EM=0 CER=0.9521 WER=1.0000
  [5/45] ch__（2025）빴0120覲놓390뵀(覲慤털엄蝎) 2쪽 인식 중...
  [5/45] ch__（2025）빴0120覲놓390뵀(覲慤털엄蝎)  ch_sim+en 1.4s  EM=0 CER=0.9483 WER=1.0000
  [6/45] en__24-7435_5if6 3쪽 인식 중...
  [6/45] en__24-7435_5if6  en 10.6s  EM=0 CER=0.0184 WER=0.0968
  [7/45] en__249799 2쪽 인식 중...
  [7/45] en__249799  en 5.2s  EM=0 CER=0.2660 WER=0.3272
  [8/45] en__25-524_0971 3쪽 인식 중...
  [8/45] en__25-524_0971  en 10.1s  EM=0 CER=0.0252 WER=0.1407
  [9/45] en__25-821_e29g 1쪽 인식 중...
  [9/45] en__25-821_e29g  en 3.0s  EM=0 CER=0.0190 WER=0.1050
  [10/45] en__25-851_ed9f 1쪽 인식 중...
  [10/45] en__25-851_ed9f  en 3.2s  EM=0 CER=0.0100 WER=0.0522
  [11/45] en__25-885_5h26 3쪽 인식 중...
  [11/45] en__25-885_5h26  en 12.1s  EM=0 CER=0.0216 WER=0.1150
  [12/45] en__USCOURTS-caed-6_25-mj-00015-1 3쪽 인식 중...
  [12/45] en__USCOURTS-caed-6_25-mj-00015-1  en 9.2s  EM=0 CER=0.0330 WER=0.1302
  [13/45] en__USCOURTS-mnd-0_06-cr-00130-1 3쪽 인식 중...
  [13/45] en__USCOURTS-mnd-0_06-cr-00130-1  en 7.9s  EM=0 CER=0.0203 WER=0.1803
  [14/45] en__gomez_albertocortes 2쪽 인식 중...
  [14/45] en__gomez_albertocortes  en 3.5s  EM=0 CER=0.0582 WER=0.1902
  [15/45] en__vae1_tetteh_0 2쪽 인식 중...
  [15/45] en__vae1_tetteh_0  en 4.1s  EM=0 CER=0.0628 WER=0.1828
  [16/45] ko__140801_서부지검_보도자료 5쪽 인식 중...
  [16/45] ko__140801_서부지검_보도자료  ko+en 14.6s  EM=0 CER=0.2688 WER=0.5387
  [17/45] ko__2015고단7004_판결문 6쪽 인식 중...
  [17/45] ko__2015고단7004_판결문  ko+en 16.1s  EM=0 CER=0.0706 WER=0.2916
  [18/45] ko__2015노4675_판결문 2쪽 인식 중...
  [18/45] ko__2015노4675_판결문  ko+en 14.5s  EM=0 CER=0.6888 WER=0.8580
  [19/45] ko__2023고단2541_판결문_검수완료 6쪽 인식 중...
  [19/45] ko__2023고단2541_판결문_검수완료  ko+en 12.1s  EM=0 CER=0.0778 WER=0.2720
  [20/45] ko__2025고정378_판결문 2쪽 인식 중...
  [20/45] ko__2025고정378_판결문  ko+en 2.2s  EM=0 CER=0.0549 WER=0.1910
  [21/45] ko__2025고합394_판결문 8쪽 인식 중...
  [21/45] ko__2025고합394_판결문  ko+en 22.7s  EM=0 CER=0.0687 WER=0.2773
  [22/45] ko__231201_보도자료(360억_원_대출을_알선하고_억대_수수료를_취득한_대출_브로커_및_은행지점장_구속_기소)-통영지청 4쪽 인식 중...
  [22/45] ko__231201_보도자료(360억_원_대출을_알선하고_억대_수수료를_취득한_대출_브로커_및_은행지점장_구속_기소)-통영지청  ko+en 8.1s  EM=0 CER=0.1834 WER=0.4231
  [23/45] ko__250723_보도자료(유튜브_36주_태아_낙태살인_사건_구속_기소_등)-서울중앙지검 4쪽 인식 중...
  [23/45] ko__250723_보도자료(유튜브_36주_태아_낙태살인_사건_구속_기소_등)-서울중앙지검  ko+en 9.9s  EM=0 CER=0.1011 WER=0.3548
  [24/45] ko__251223_보도자료(세계_1위_K반도체_국가핵심기술_유출사건_수사_결과)-서울중앙지검 8쪽 인식 중...
  [24/45] ko__251223_보도자료(세계_1위_K반도체_국가핵심기술_유출사건_수사_결과)-서울중앙지검  ko+en 21.5s  EM=0 CER=0.2969 WER=0.5283
  [25/45] ko__260120__보도자료(6776억_원_규모_한국전력공사_입찰_담합_사건_수사_결과)-서울중앙지검 7쪽 인식 중...
  [25/45] ko__260120__보도자료(6776억_원_규모_한국전력공사_입찰_담합_사건_수사_결과)-서울중앙지검  ko+en 23.4s  EM=0 CER=0.2504 WER=0.4855
  [26/45] pil__AvoidImmigrationScamsGetHelp_Tagalog-508 5쪽 인식 중...
  [26/45] pil__AvoidImmigrationScamsGetHelp_Tagalog-508  tl+en 18.6s  EM=0 CER=0.0482 WER=0.1078
  [27/45] pil__Government Imposter Scams poster_TL 1쪽 인식 중...
  [27/45] pil__Government Imposter Scams poster_TL  tl+en 1.0s  EM=0 CER=0.1406 WER=0.2157
  [28/45] pil__How-to-avoid-a-scam_Tagalog_August2023 2쪽 인식 중...
  [28/45] pil__How-to-avoid-a-scam_Tagalog_August2023  tl+en 6.5s  EM=0 CER=0.0362 WER=0.1031
  [29/45] pil__empower-yourself-against-utility-scams_tl-508ftclogo 1쪽 인식 중...
  [29/45] pil__empower-yourself-against-utility-scams_tl-508ftclogo  tl+en 3.5s  EM=0 CER=0.0379 WER=0.0878
  [30/45] pil__scammers-intl-students-money_tl-508ftclogo 1쪽 인식 중...
  [30/45] pil__scammers-intl-students-money_tl-508ftclogo  tl+en 3.0s  EM=0 CER=0.0364 WER=0.1029
  [31/45] ru__72lj3fbo7i1h83uotfpw88vvhj0s5nm8 3쪽 인식 중...
  [31/45] ru__72lj3fbo7i1h83uotfpw88vvhj0s5nm8  ru+en 8.8s  EM=0 CER=0.4344 WER=0.5128
  [32/45] ru__acqyks51995vcas54buq9j8zjfcv52mq 4쪽 인식 중...
  [32/45] ru__acqyks51995vcas54buq9j8zjfcv52mq  ru+en 6.5s  EM=0 CER=0.0669 WER=0.2766
  [33/45] ru__c0bt6babub0mr9twu45skop5uqhh5ogk 1쪽 인식 중...
  [33/45] ru__c0bt6babub0mr9twu45skop5uqhh5ogk  ru+en 4.4s  EM=0 CER=0.4834 WER=0.6390
  [34/45] ru__dvbffhvesi7atsug569xnrlpbgerzwcj 1쪽 인식 중...
  [34/45] ru__dvbffhvesi7atsug569xnrlpbgerzwcj  ru+en 2.6s  EM=0 CER=0.0657 WER=0.2544
  [35/45] ru__voe12ehxmqpqsa3z1f3moe6e3fhfy14n 2쪽 인식 중...
  [35/45] ru__voe12ehxmqpqsa3z1f3moe6e3fhfy14n  ru+en 11.0s  EM=0 CER=0.7114 WER=0.9088
  [36/45] uz__964-966 3쪽 인식 중...
  [36/45] uz__964-966  uz+en 16.4s  EM=0 CER=0.0742 WER=0.2232
  [37/45] uz__Abdug‘aniyev+Akobir+Akmaljon+o‘g‘li 6쪽 인식 중...
  [37/45] uz__Abdug‘aniyev+Akobir+Akmaljon+o‘g‘li  uz+en 25.6s  EM=0 CER=0.0515 WER=0.1623
  [38/45] uz__Nasimov+Umedjon+Ulugbekovich 5쪽 인식 중...
  [38/45] uz__Nasimov+Umedjon+Ulugbekovich  uz+en 18.1s  EM=0 CER=0.0228 WER=0.1812
  [39/45] uz__ZDIF+0701 2쪽 인식 중...
  [39/45] uz__ZDIF+0701  uz+en 10.0s  EM=0 CER=0.1508 WER=0.2023
  [40/45] uz__ZDIF+0738 3쪽 인식 중...
  [40/45] uz__ZDIF+0738  uz+en 12.3s  EM=0 CER=0.0600 WER=0.1297
  [41/45] vn__04_2023_HSST_BRVT 5쪽 인식 중...
  [41/45] vn__04_2023_HSST_BRVT  vi+en 20.3s  EM=0 CER=0.0202 WER=0.0590
  [42/45] vn__06_2023_HS-ST_HCM 5쪽 인식 중...
  [42/45] vn__06_2023_HS-ST_HCM  vi+en 24.8s  EM=0 CER=0.0143 WER=0.0473
  [43/45] vn__132_2020_HS-ST_HCM 6쪽 인식 중...
  [43/45] vn__132_2020_HS-ST_HCM  vi+en 25.4s  EM=0 CER=0.0186 WER=0.0566
  [44/45] vn__171_2018_HS-ST_HUE 5쪽 인식 중...
  [44/45] vn__171_2018_HS-ST_HUE  vi+en 16.9s  EM=0 CER=0.0292 WER=0.0669
  [45/45] vn__29_2018_HS-ST_THAI_NGUYEN[1] 6쪽 인식 중...
  [45/45] vn__29_2018_HS-ST_THAI_NGUYEN[1]  vi+en 23.5s  EM=0 CER=0.0313 WER=0.0595

engine     group  n_scored  exact_match  cer_micro  wer_micro  sec_per_page
---------------------------------------------------------------------------
tesseract  ALL    45        0.0          0.145047   0.213291   2.212       
tesseract  ch     5         0.0          0.626969   1.642697   2.039       
tesseract  en     10        0.0          0.039634   0.081017   1.416       
tesseract  ko     10        0.0          0.359991   0.472385   2.108       
tesseract  pil    5         0.0          0.028712   0.045629   1.585       
tesseract  ru     5         0.0          0.384169   0.43612    1.707       
tesseract  uz     5         0.0          0.029372   0.089836   4.278       
tesseract  vn     5         0.0          0.019431   0.066291   2.168       
easyocr    ALL    45        0.0          0.124296   0.230357   3.176       
easyocr    ch     5         0.0          0.442159   0.973034   1.686       
easyocr    en     10        0.0          0.048297   0.147044   3.001       
easyocr    ko     10        0.0          0.229706   0.449404   2.791       
easyocr    pil    5         0.0          0.044297   0.105297   3.26        
easyocr    ru     5         0.0          0.401567   0.554811   3.015       
easyocr    uz     5         0.0          0.06346    0.176326   4.34        
easyocr    vn     5         0.0          0.021962   0.056919   4.107       

문서별: /home/hjkim/doc_ocr/result/result.csv
요약  : /home/hjkim/doc_ocr/result/result_summary.csv
예측  : /home/hjkim/doc_ocr/result/pred
